2026-01-17T15:42:21: (node:728) [MONGOOSE] Warning: Duplicate schema index on {"slug":1} found. This is often due to declaring an index using both "index: true" and "schema.index()". Please remove the duplicate index definition.
(Use `node --trace-warnings ...` to show where the warning was created)
2026-01-17T15:42:21: (node:728) [MONGOOSE] Warning: Duplicate schema index on {"name":1} found. This is often due to declaring an index using both "index: true" and "schema.index()". Please remove the duplicate index definition.
2026-01-17T15:42:35: (node:4488) [MONGOOSE] Warning: Duplicate schema index on {"slug":1} found. This is often due to declaring an index using both "index: true" and "schema.index()". Please remove the duplicate index definition.
(Use `node --trace-warnings ...` to show where the warning was created)
2026-01-17T15:42:35: (node:4488) [MONGOOSE] Warning: Duplicate schema index on {"name":1} found. This is often due to declaring an index using both "index: true" and "schema.index()". Please remove the duplicate index definition.
2026-01-17T15:42:46: (node:11128) [MONGOOSE] Warning: Duplicate schema index on {"slug":1} found. This is often due to declaring an index using both "index: true" and "schema.index()". Please remove the duplicate index definition.
(Use `node --trace-warnings ...` to show where the warning was created)
2026-01-17T15:42:46: (node:11128) [MONGOOSE] Warning: Duplicate schema index on {"name":1} found. This is often due to declaring an index using both "index: true" and "schema.index()". Please remove the duplicate index definition.
2026-01-17T15:42:55: (node:4792) [MONGOOSE] Warning: Duplicate schema index on {"slug":1} found. This is often due to declaring an index using both "index: true" and "schema.index()". Please remove the duplicate index definition.
(Use `node --trace-warnings ...` to show where the warning was created)
2026-01-17T15:42:55: (node:4792) [MONGOOSE] Warning: Duplicate schema index on {"name":1} found. This is often due to declaring an index using both "index: true" and "schema.index()". Please remove the duplicate index definition.
2026-01-17T15:43:03: (node:19672) [MONGOOSE] Warning: Duplicate schema index on {"slug":1} found. This is often due to declaring an index using both "index: true" and "schema.index()". Please remove the duplicate index definition.
(Use `node --trace-warnings ...` to show where the warning was created)
2026-01-17T15:43:03: (node:19672) [MONGOOSE] Warning: Duplicate schema index on {"name":1} found. This is often due to declaring an index using both "index: true" and "schema.index()". Please remove the duplicate index definition.
2026-01-17T15:43:12: (node:12688) [MONGOOSE] Warning: Duplicate schema index on {"slug":1} found. This is often due to declaring an index using both "index: true" and "schema.index()". Please remove the duplicate index definition.
(Use `node --trace-warnings ...` to show where the warning was created)
2026-01-17T15:43:12: (node:12688) [MONGOOSE] Warning: Duplicate schema index on {"name":1} found. This is often due to declaring an index using both "index: true" and "schema.index()". Please remove the duplicate index definition.
2026-01-17T15:43:20: (node:10876) [MONGOOSE] Warning: Duplicate schema index on {"slug":1} found. This is often due to declaring an index using both "index: true" and "schema.index()". Please remove the duplicate index definition.
(Use `node --trace-warnings ...` to show where the warning was created)
2026-01-17T15:43:20: (node:10876) [MONGOOSE] Warning: Duplicate schema index on {"name":1} found. This is often due to declaring an index using both "index: true" and "schema.index()". Please remove the duplicate index definition.
2026-01-17T15:43:27: (node:1112) [MONGOOSE] Warning: Duplicate schema index on {"slug":1} found. This is often due to declaring an index using both "index: true" and "schema.index()". Please remove the duplicate index definition.
(Use `node --trace-warnings ...` to show where the warning was created)
2026-01-17T15:43:27: (node:1112) [MONGOOSE] Warning: Duplicate schema index on {"name":1} found. This is often due to declaring an index using both "index: true" and "schema.index()". Please remove the duplicate index definition.
2026-01-17T15:43:35: (node:17716) [MONGOOSE] Warning: Duplicate schema index on {"slug":1} found. This is often due to declaring an index using both "index: true" and "schema.index()". Please remove the duplicate index definition.
(Use `node --trace-warnings ...` to show where the warning was created)
2026-01-17T15:43:35: (node:17716) [MONGOOSE] Warning: Duplicate schema index on {"name":1} found. This is often due to declaring an index using both "index: true" and "schema.index()". Please remove the duplicate index definition.
2026-01-17T15:43:44: (node:11368) [MONGOOSE] Warning: Duplicate schema index on {"slug":1} found. This is often due to declaring an index using both "index: true" and "schema.index()". Please remove the duplicate index definition.
(Use `node --trace-warnings ...` to show where the warning was created)
2026-01-17T15:43:44: (node:11368) [MONGOOSE] Warning: Duplicate schema index on {"name":1} found. This is often due to declaring an index using both "index: true" and "schema.index()". Please remove the duplicate index definition.
2026-01-17T17:12:53: (node:15296) [MONGOOSE] Warning: Duplicate schema index on {"slug":1} found. This is often due to declaring an index using both "index: true" and "schema.index()". Please remove the duplicate index definition.
(Use `node --trace-warnings ...` to show where the warning was created)
2026-01-17T17:12:53: (node:15296) [MONGOOSE] Warning: Duplicate schema index on {"name":1} found. This is often due to declaring an index using both "index: true" and "schema.index()". Please remove the duplicate index definition.
2026-01-19T15:19:44: (node:10788) [MONGOOSE] Warning: Duplicate schema index on {"slug":1} found. This is often due to declaring an index using both "index: true" and "schema.index()". Please remove the duplicate index definition.
(Use `node --trace-warnings ...` to show where the warning was created)
2026-01-19T15:19:44: (node:10788) [MONGOOSE] Warning: Duplicate schema index on {"name":1} found. This is often due to declaring an index using both "index: true" and "schema.index()". Please remove the duplicate index definition.
2026-01-19T15:19:56: (node:18556) [MONGOOSE] Warning: Duplicate schema index on {"slug":1} found. This is often due to declaring an index using both "index: true" and "schema.index()". Please remove the duplicate index definition.
(Use `node --trace-warnings ...` to show where the warning was created)
2026-01-19T15:19:56: (node:18556) [MONGOOSE] Warning: Duplicate schema index on {"name":1} found. This is often due to declaring an index using both "index: true" and "schema.index()". Please remove the duplicate index definition.
2026-01-19T15:20:09: (node:24468) [MONGOOSE] Warning: Duplicate schema index on {"slug":1} found. This is often due to declaring an index using both "index: true" and "schema.index()". Please remove the duplicate index definition.
(Use `node --trace-warnings ...` to show where the warning was created)
2026-01-19T15:20:09: (node:24468) [MONGOOSE] Warning: Duplicate schema index on {"name":1} found. This is often due to declaring an index using both "index: true" and "schema.index()". Please remove the duplicate index definition.
2026-01-19T15:20:21: (node:16492) [MONGOOSE] Warning: Duplicate schema index on {"slug":1} found. This is often due to declaring an index using both "index: true" and "schema.index()". Please remove the duplicate index definition.
(Use `node --trace-warnings ...` to show where the warning was created)
2026-01-19T15:20:21: (node:16492) [MONGOOSE] Warning: Duplicate schema index on {"name":1} found. This is often due to declaring an index using both "index: true" and "schema.index()". Please remove the duplicate index definition.
2026-01-19T15:20:33: (node:14008) [MONGOOSE] Warning: Duplicate schema index on {"slug":1} found. This is often due to declaring an index using both "index: true" and "schema.index()". Please remove the duplicate index definition.
(Use `node --trace-warnings ...` to show where the warning was created)
2026-01-19T15:20:33: (node:14008) [MONGOOSE] Warning: Duplicate schema index on {"name":1} found. This is often due to declaring an index using both "index: true" and "schema.index()". Please remove the duplicate index definition.
2026-01-19T15:20:44: (node:12960) [MONGOOSE] Warning: Duplicate schema index on {"slug":1} found. This is often due to declaring an index using both "index: true" and "schema.index()". Please remove the duplicate index definition.
(Use `node --trace-warnings ...` to show where the warning was created)
2026-01-19T15:20:44: (node:12960) [MONGOOSE] Warning: Duplicate schema index on {"name":1} found. This is often due to declaring an index using both "index: true" and "schema.index()". Please remove the duplicate index definition.
2026-01-19T15:20:54: (node:16688) [MONGOOSE] Warning: Duplicate schema index on {"slug":1} found. This is often due to declaring an index using both "index: true" and "schema.index()". Please remove the duplicate index definition.
(Use `node --trace-warnings ...` to show where the warning was created)
2026-01-19T15:20:54: (node:16688) [MONGOOSE] Warning: Duplicate schema index on {"name":1} found. This is often due to declaring an index using both "index: true" and "schema.index()". Please remove the duplicate index definition.
2026-01-19T15:21:04: (node:20764) [MONGOOSE] Warning: Duplicate schema index on {"slug":1} found. This is often due to declaring an index using both "index: true" and "schema.index()". Please remove the duplicate index definition.
(Use `node --trace-warnings ...` to show where the warning was created)
2026-01-19T15:21:04: (node:20764) [MONGOOSE] Warning: Duplicate schema index on {"name":1} found. This is often due to declaring an index using both "index: true" and "schema.index()". Please remove the duplicate index definition.
2026-01-19T15:21:14: (node:12628) [MONGOOSE] Warning: Duplicate schema index on {"slug":1} found. This is often due to declaring an index using both "index: true" and "schema.index()". Please remove the duplicate index definition.
(Use `node --trace-warnings ...` to show where the warning was created)
2026-01-19T15:21:14: (node:12628) [MONGOOSE] Warning: Duplicate schema index on {"name":1} found. This is often due to declaring an index using both "index: true" and "schema.index()". Please remove the duplicate index definition.
2026-01-19T15:21:23: (node:13820) [MONGOOSE] Warning: Duplicate schema index on {"slug":1} found. This is often due to declaring an index using both "index: true" and "schema.index()". Please remove the duplicate index definition.
(Use `node --trace-warnings ...` to show where the warning was created)
2026-01-19T15:21:23: (node:13820) [MONGOOSE] Warning: Duplicate schema index on {"name":1} found. This is often due to declaring an index using both "index: true" and "schema.index()". Please remove the duplicate index definition.
2026-01-19T15:21:37: (node:19240) [MONGOOSE] Warning: Duplicate schema index on {"slug":1} found. This is often due to declaring an index using both "index: true" and "schema.index()". Please remove the duplicate index definition.
(Use `node --trace-warnings ...` to show where the warning was created)
2026-01-19T15:21:37: (node:19240) [MONGOOSE] Warning: Duplicate schema index on {"name":1} found. This is often due to declaring an index using both "index: true" and "schema.index()". Please remove the duplicate index definition.
2026-01-19T15:21:48: (node:20096) [MONGOOSE] Warning: Duplicate schema index on {"slug":1} found. This is often due to declaring an index using both "index: true" and "schema.index()". Please remove the duplicate index definition.
(Use `node --trace-warnings ...` to show where the warning was created)
2026-01-19T15:21:48: (node:20096) [MONGOOSE] Warning: Duplicate schema index on {"name":1} found. This is often due to declaring an index using both "index: true" and "schema.index()". Please remove the duplicate index definition.
2026-01-19T15:21:58: (node:17584) [MONGOOSE] Warning: Duplicate schema index on {"slug":1} found. This is often due to declaring an index using both "index: true" and "schema.index()". Please remove the duplicate index definition.
(Use `node --trace-warnings ...` to show where the warning was created)
2026-01-19T15:21:58: (node:17584) [MONGOOSE] Warning: Duplicate schema index on {"name":1} found. This is often due to declaring an index using both "index: true" and "schema.index()". Please remove the duplicate index definition.
2026-01-19T15:22:13: (node:8852) [MONGOOSE] Warning: Duplicate schema index on {"slug":1} found. This is often due to declaring an index using both "index: true" and "schema.index()". Please remove the duplicate index definition.
(Use `node --trace-warnings ...` to show where the warning was created)
2026-01-19T15:22:13: (node:8852) [MONGOOSE] Warning: Duplicate schema index on {"name":1} found. This is often due to declaring an index using both "index: true" and "schema.index()". Please remove the duplicate index definition.
2026-01-19T15:22:22: (node:16732) [MONGOOSE] Warning: Duplicate schema index on {"slug":1} found. This is often due to declaring an index using both "index: true" and "schema.index()". Please remove the duplicate index definition.
(Use `node --trace-warnings ...` to show where the warning was created)
2026-01-19T15:22:22: (node:16732) [MONGOOSE] Warning: Duplicate schema index on {"name":1} found. This is often due to declaring an index using both "index: true" and "schema.index()". Please remove the duplicate index definition.
2026-01-19T15:22:42: (node:7248) [MONGOOSE] Warning: Duplicate schema index on {"slug":1} found. This is often due to declaring an index using both "index: true" and "schema.index()". Please remove the duplicate index definition.
(Use `node --trace-warnings ...` to show where the warning was created)
2026-01-19T15:22:42: (node:7248) [MONGOOSE] Warning: Duplicate schema index on {"name":1} found. This is often due to declaring an index using both "index: true" and "schema.index()". Please remove the duplicate index definition.
2026-01-19T15:22:56: (node:6168) [MONGOOSE] Warning: Duplicate schema index on {"slug":1} found. This is often due to declaring an index using both "index: true" and "schema.index()". Please remove the duplicate index definition.
(Use `node --trace-warnings ...` to show where the warning was created)
2026-01-19T15:22:56: (node:6168) [MONGOOSE] Warning: Duplicate schema index on {"name":1} found. This is often due to declaring an index using both "index: true" and "schema.index()". Please remove the duplicate index definition.
2026-01-19T15:23:08: (node:7104) [MONGOOSE] Warning: Duplicate schema index on {"slug":1} found. This is often due to declaring an index using both "index: true" and "schema.index()". Please remove the duplicate index definition.
(Use `node --trace-warnings ...` to show where the warning was created)
2026-01-19T15:23:08: (node:7104) [MONGOOSE] Warning: Duplicate schema index on {"name":1} found. This is often due to declaring an index using both "index: true" and "schema.index()". Please remove the duplicate index definition.
2026-01-19T15:23:23: (node:2352) [MONGOOSE] Warning: Duplicate schema index on {"slug":1} found. This is often due to declaring an index using both "index: true" and "schema.index()". Please remove the duplicate index definition.
(Use `node --trace-warnings ...` to show where the warning was created)
2026-01-19T15:23:23: (node:2352) [MONGOOSE] Warning: Duplicate schema index on {"name":1} found. This is often due to declaring an index using both "index: true" and "schema.index()". Please remove the duplicate index definition.
2026-01-19T15:23:41: (node:7900) [MONGOOSE] Warning: Duplicate schema index on {"slug":1} found. This is often due to declaring an index using both "index: true" and "schema.index()". Please remove the duplicate index definition.
(Use `node --trace-warnings ...` to show where the warning was created)
2026-01-19T15:23:42: (node:7900) [MONGOOSE] Warning: Duplicate schema index on {"name":1} found. This is often due to declaring an index using both "index: true" and "schema.index()". Please remove the duplicate index definition.
2026-01-19T15:23:49: ValidationError: The Express 'trust proxy' setting is true, which allows anyone to trivially bypass IP-based rate limiting. See https://express-rate-limit.github.io/ERR_ERL_PERMISSIVE_TRUST_PROXY/ for more information.
    at Object.trustProxy (file:///E:/project-syni/shubhvenue/shubhvenue/backend/node_modules/express-rate-limit/dist/index.mjs:139:13)
    at wrappedValidations.<computed> [as trustProxy] (file:///E:/project-syni/shubhvenue/shubhvenue/backend/node_modules/express-rate-limit/dist/index.mjs:369:22)
    at Object.keyGenerator (file:///E:/project-syni/shubhvenue/shubhvenue/backend/node_modules/express-rate-limit/dist/index.mjs:629:20)
    at file:///E:/project-syni/shubhvenue/shubhvenue/backend/node_modules/express-rate-limit/dist/index.mjs:682:32
    at process.processTicksAndRejections (node:internal/process/task_queues:105:5)
    at async file:///E:/project-syni/shubhvenue/shubhvenue/backend/node_modules/express-rate-limit/dist/index.mjs:663:5 {
  code: 'ERR_ERL_PERMISSIVE_TRUST_PROXY',
  help: 'https://express-rate-limit.github.io/ERR_ERL_PERMISSIVE_TRUST_PROXY/'
}
2026-01-19T15:23:50: Error fetching review counts: TypeError: Review.aggregate(...).maxTimeMS is not a function
    at getVenues (file:///E:/project-syni/shubhvenue/shubhvenue/backend/src/controllers/vendor.venues.controller.js:794:14)
    at process.processTicksAndRejections (node:internal/process/task_queues:105:5)
2026-01-19T15:23:52: Error fetching review counts: TypeError: Review.aggregate(...).maxTimeMS is not a function
    at getVenues (file:///E:/project-syni/shubhvenue/shubhvenue/backend/src/controllers/vendor.venues.controller.js:794:14)
    at process.processTicksAndRejections (node:internal/process/task_queues:105:5)
2026-01-19T15:23:53: Error fetching review counts: TypeError: Review.aggregate(...).maxTimeMS is not a function
    at getVenues (file:///E:/project-syni/shubhvenue/shubhvenue/backend/src/controllers/vendor.venues.controller.js:794:14)
    at process.processTicksAndRejections (node:internal/process/task_queues:105:5)
2026-01-19T15:24:10: === Search venues error ===
2026-01-19T15:24:10: Error name: ReferenceError
2026-01-19T15:24:10: Error message: decorationCategoryId is not defined
2026-01-19T15:24:10: Error code: undefined
2026-01-19T15:24:10: Request query: {
  q: '5 Flowers Ananta Elite 123',
  city: 'Kota',
  state: 'Rajasthan',
  limit: '100'
}
2026-01-19T15:24:10: Error stack: ReferenceError: decorationCategoryId is not defined
    at searchVenues (file:///E:/project-syni/shubhvenue/shubhvenue/backend/src/controllers/vendor.venues.controller.js:3085:5)
    at Layer.handle [as handle_request] (E:\project-syni\shubhvenue\shubhvenue\backend\node_modules\express\lib\router\layer.js:95:5)
    at next (E:\project-syni\shubhvenue\shubhvenue\backend\node_modules\express\lib\router\route.js:149:13)
    at Route.dispatch (E:\project-syni\shubhvenue\shubhvenue\backend\node_modules\express\lib\router\route.js:119:3)
    at Layer.handle [as handle_request] (E:\project-syni\shubhvenue\shubhvenue\backend\node_modules\express\lib\router\layer.js:95:5)
    at E:\project-syni\shubhvenue\shubhvenue\backend\node_modules\express\lib\router\index.js:284:15
    at Function.process_params (E:\project-syni\shubhvenue\shubhvenue\backend\node_modules\express\lib\router\index.js:346:12)
    at next (E:\project-syni\shubhvenue\shubhvenue\backend\node_modules\express\lib\router\index.js:280:10)
    at Function.handle (E:\project-syni\shubhvenue\shubhvenue\backend\node_modules\express\lib\router\index.js:175:3)
    at router (E:\project-syni\shubhvenue\shubhvenue\backend\node_modules\express\lib\router\index.js:47:12)
2026-01-19T15:24:10: ==========================
2026-01-19T15:24:10: === Search venues error ===
2026-01-19T15:24:10: Error name: ReferenceError
2026-01-19T15:24:10: Error message: decorationCategoryId is not defined
2026-01-19T15:24:10: Error code: undefined
2026-01-19T15:24:10: Request query: {
  q: '5 Flowers Ananta Elite 123',
  city: 'Kota',
  state: 'Rajasthan',
  limit: '100'
}
2026-01-19T15:24:10: Error stack: ReferenceError: decorationCategoryId is not defined
    at searchVenues (file:///E:/project-syni/shubhvenue/shubhvenue/backend/src/controllers/vendor.venues.controller.js:3085:5)
    at Layer.handle [as handle_request] (E:\project-syni\shubhvenue\shubhvenue\backend\node_modules\express\lib\router\layer.js:95:5)
    at next (E:\project-syni\shubhvenue\shubhvenue\backend\node_modules\express\lib\router\route.js:149:13)
    at Route.dispatch (E:\project-syni\shubhvenue\shubhvenue\backend\node_modules\express\lib\router\route.js:119:3)
    at Layer.handle [as handle_request] (E:\project-syni\shubhvenue\shubhvenue\backend\node_modules\express\lib\router\layer.js:95:5)
    at E:\project-syni\shubhvenue\shubhvenue\backend\node_modules\express\lib\router\index.js:284:15
    at Function.process_params (E:\project-syni\shubhvenue\shubhvenue\backend\node_modules\express\lib\router\index.js:346:12)
    at next (E:\project-syni\shubhvenue\shubhvenue\backend\node_modules\express\lib\router\index.js:280:10)
    at Function.handle (E:\project-syni\shubhvenue\shubhvenue\backend\node_modules\express\lib\router\index.js:175:3)
    at router (E:\project-syni\shubhvenue\shubhvenue\backend\node_modules\express\lib\router\index.js:47:12)
2026-01-19T15:24:10: ==========================
2026-01-19T15:24:22: Error fetching review counts: TypeError: Review.aggregate(...).maxTimeMS is not a function
    at getVenues (file:///E:/project-syni/shubhvenue/shubhvenue/backend/src/controllers/vendor.venues.controller.js:794:14)
    at process.processTicksAndRejections (node:internal/process/task_queues:105:5)
2026-01-19T15:24:23: Error fetching review counts: TypeError: Review.aggregate(...).maxTimeMS is not a function
    at getVenues (file:///E:/project-syni/shubhvenue/shubhvenue/backend/src/controllers/vendor.venues.controller.js:794:14)
    at process.processTicksAndRejections (node:internal/process/task_queues:105:5)
2026-01-19T15:24:23: Error fetching review counts: TypeError: Review.aggregate(...).maxTimeMS is not a function
    at getVenues (file:///E:/project-syni/shubhvenue/shubhvenue/backend/src/controllers/vendor.venues.controller.js:794:14)
    at process.processTicksAndRejections (node:internal/process/task_queues:105:5)
2026-01-19T15:24:24: Error fetching review counts: TypeError: Review.aggregate(...).maxTimeMS is not a function
    at getVenues (file:///E:/project-syni/shubhvenue/shubhvenue/backend/src/controllers/vendor.venues.controller.js:794:14)
    at process.processTicksAndRejections (node:internal/process/task_queues:105:5)
2026-01-19T15:24:24: Error fetching review counts: TypeError: Review.aggregate(...).maxTimeMS is not a function
    at getVenues (file:///E:/project-syni/shubhvenue/shubhvenue/backend/src/controllers/vendor.venues.controller.js:794:14)
    at process.processTicksAndRejections (node:internal/process/task_queues:105:5)
2026-01-19T15:25:46: Error fetching review counts: TypeError: Review.aggregate(...).maxTimeMS is not a function
    at getVenues (file:///E:/project-syni/shubhvenue/shubhvenue/backend/src/controllers/vendor.venues.controller.js:794:14)
    at process.processTicksAndRejections (node:internal/process/task_queues:105:5)
2026-01-19T15:25:48: Error fetching review counts: TypeError: Review.aggregate(...).maxTimeMS is not a function
    at getVenues (file:///E:/project-syni/shubhvenue/shubhvenue/backend/src/controllers/vendor.venues.controller.js:794:14)
    at process.processTicksAndRejections (node:internal/process/task_queues:105:5)
2026-01-19T15:25:48: === Search venues error ===
2026-01-19T15:25:48: Error name: ReferenceError
2026-01-19T15:25:48: Error message: decorationCategoryId is not defined
2026-01-19T15:25:48: Error code: undefined
2026-01-19T15:25:48: Request query: {
  q: '5 Flowers Ananta Elite 123',
  city: 'Kota',
  state: 'Rajasthan',
  limit: '100'
}
2026-01-19T15:25:48: Error stack: ReferenceError: decorationCategoryId is not defined
    at searchVenues (file:///E:/project-syni/shubhvenue/shubhvenue/backend/src/controllers/vendor.venues.controller.js:3085:5)
    at Layer.handle [as handle_request] (E:\project-syni\shubhvenue\shubhvenue\backend\node_modules\express\lib\router\layer.js:95:5)
    at next (E:\project-syni\shubhvenue\shubhvenue\backend\node_modules\express\lib\router\route.js:149:13)
    at Route.dispatch (E:\project-syni\shubhvenue\shubhvenue\backend\node_modules\express\lib\router\route.js:119:3)
    at Layer.handle [as handle_request] (E:\project-syni\shubhvenue\shubhvenue\backend\node_modules\express\lib\router\layer.js:95:5)
    at E:\project-syni\shubhvenue\shubhvenue\backend\node_modules\express\lib\router\index.js:284:15
    at Function.process_params (E:\project-syni\shubhvenue\shubhvenue\backend\node_modules\express\lib\router\index.js:346:12)
    at next (E:\project-syni\shubhvenue\shubhvenue\backend\node_modules\express\lib\router\index.js:280:10)
    at Function.handle (E:\project-syni\shubhvenue\shubhvenue\backend\node_modules\express\lib\router\index.js:175:3)
    at router (E:\project-syni\shubhvenue\shubhvenue\backend\node_modules\express\lib\router\index.js:47:12)
2026-01-19T15:25:48: ==========================
2026-01-19T15:25:48: === Search venues error ===
2026-01-19T15:25:48: Error name: ReferenceError
2026-01-19T15:25:48: Error message: decorationCategoryId is not defined
2026-01-19T15:25:48: Error code: undefined
2026-01-19T15:25:48: Request query: {
  q: '5 Flowers Ananta Elite 123',
  city: 'Kota',
  state: 'Rajasthan',
  limit: '100'
}
2026-01-19T15:25:48: Error stack: ReferenceError: decorationCategoryId is not defined
    at searchVenues (file:///E:/project-syni/shubhvenue/shubhvenue/backend/src/controllers/vendor.venues.controller.js:3085:5)
    at Layer.handle [as handle_request] (E:\project-syni\shubhvenue\shubhvenue\backend\node_modules\express\lib\router\layer.js:95:5)
    at next (E:\project-syni\shubhvenue\shubhvenue\backend\node_modules\express\lib\router\route.js:149:13)
    at Route.dispatch (E:\project-syni\shubhvenue\shubhvenue\backend\node_modules\express\lib\router\route.js:119:3)
    at Layer.handle [as handle_request] (E:\project-syni\shubhvenue\shubhvenue\backend\node_modules\express\lib\router\layer.js:95:5)
    at E:\project-syni\shubhvenue\shubhvenue\backend\node_modules\express\lib\router\index.js:284:15
    at Function.process_params (E:\project-syni\shubhvenue\shubhvenue\backend\node_modules\express\lib\router\index.js:346:12)
    at next (E:\project-syni\shubhvenue\shubhvenue\backend\node_modules\express\lib\router\index.js:280:10)
    at Function.handle (E:\project-syni\shubhvenue\shubhvenue\backend\node_modules\express\lib\router\index.js:175:3)
    at router (E:\project-syni\shubhvenue\shubhvenue\backend\node_modules\express\lib\router\index.js:47:12)
2026-01-19T15:25:48: ==========================
2026-01-19T15:25:48: Error fetching review counts: TypeError: Review.aggregate(...).maxTimeMS is not a function
    at getVenues (file:///E:/project-syni/shubhvenue/shubhvenue/backend/src/controllers/vendor.venues.controller.js:794:14)
    at process.processTicksAndRejections (node:internal/process/task_queues:105:5)
2026-01-19T15:26:07: (node:16636) [MONGOOSE] Warning: Duplicate schema index on {"slug":1} found. This is often due to declaring an index using both "index: true" and "schema.index()". Please remove the duplicate index definition.
(Use `node --trace-warnings ...` to show where the warning was created)
2026-01-19T15:26:07: (node:16636) [MONGOOSE] Warning: Duplicate schema index on {"name":1} found. This is often due to declaring an index using both "index: true" and "schema.index()". Please remove the duplicate index definition.
2026-01-19T15:32:10: ValidationError: The Express 'trust proxy' setting is true, which allows anyone to trivially bypass IP-based rate limiting. See https://express-rate-limit.github.io/ERR_ERL_PERMISSIVE_TRUST_PROXY/ for more information.
    at Object.trustProxy (file:///E:/project-syni/shubhvenue/shubhvenue/backend/node_modules/express-rate-limit/dist/index.mjs:139:13)
    at wrappedValidations.<computed> [as trustProxy] (file:///E:/project-syni/shubhvenue/shubhvenue/backend/node_modules/express-rate-limit/dist/index.mjs:369:22)
    at Object.keyGenerator (file:///E:/project-syni/shubhvenue/shubhvenue/backend/node_modules/express-rate-limit/dist/index.mjs:629:20)
    at file:///E:/project-syni/shubhvenue/shubhvenue/backend/node_modules/express-rate-limit/dist/index.mjs:682:32
    at process.processTicksAndRejections (node:internal/process/task_queues:105:5)
    at async file:///E:/project-syni/shubhvenue/shubhvenue/backend/node_modules/express-rate-limit/dist/index.mjs:663:5 {
  code: 'ERR_ERL_PERMISSIVE_TRUST_PROXY',
  help: 'https://express-rate-limit.github.io/ERR_ERL_PERMISSIVE_TRUST_PROXY/'
}
2026-01-19T15:32:16: Error fetching review counts: TypeError: Review.aggregate(...).maxTimeMS is not a function
    at getVenues (file:///E:/project-syni/shubhvenue/shubhvenue/backend/src/controllers/vendor.venues.controller.js:794:14)
    at process.processTicksAndRejections (node:internal/process/task_queues:105:5)
