2026-01-17T15:42:22: (node:22252) [MONGOOSE] Warning: Duplicate schema index on {"slug":1} found. This is often due to declaring an index using both "index: true" and "schema.index()". Please remove the duplicate index definition.
(Use `node --trace-warnings ...` to show where the warning was created)
2026-01-17T15:42:22: (node:22252) [MONGOOSE] Warning: Duplicate schema index on {"name":1} found. This is often due to declaring an index using both "index: true" and "schema.index()". Please remove the duplicate index definition.
2026-01-17T15:42:35: (node:18812) [MONGOOSE] Warning: Duplicate schema index on {"slug":1} found. This is often due to declaring an index using both "index: true" and "schema.index()". Please remove the duplicate index definition.
(Use `node --trace-warnings ...` to show where the warning was created)
2026-01-17T15:42:35: (node:18812) [MONGOOSE] Warning: Duplicate schema index on {"name":1} found. This is often due to declaring an index using both "index: true" and "schema.index()". Please remove the duplicate index definition.
2026-01-17T15:42:46: (node:728) [MONGOOSE] Warning: Duplicate schema index on {"slug":1} found. This is often due to declaring an index using both "index: true" and "schema.index()". Please remove the duplicate index definition.
(Use `node --trace-warnings ...` to show where the warning was created)
2026-01-17T15:42:46: (node:728) [MONGOOSE] Warning: Duplicate schema index on {"name":1} found. This is often due to declaring an index using both "index: true" and "schema.index()". Please remove the duplicate index definition.
2026-01-17T15:42:55: (node:6300) [MONGOOSE] Warning: Duplicate schema index on {"slug":1} found. This is often due to declaring an index using both "index: true" and "schema.index()". Please remove the duplicate index definition.
(Use `node --trace-warnings ...` to show where the warning was created)
2026-01-17T15:42:55: (node:6300) [MONGOOSE] Warning: Duplicate schema index on {"name":1} found. This is often due to declaring an index using both "index: true" and "schema.index()". Please remove the duplicate index definition.
2026-01-17T15:43:03: (node:12552) [MONGOOSE] Warning: Duplicate schema index on {"slug":1} found. This is often due to declaring an index using both "index: true" and "schema.index()". Please remove the duplicate index definition.
(Use `node --trace-warnings ...` to show where the warning was created)
2026-01-17T15:43:03: (node:12552) [MONGOOSE] Warning: Duplicate schema index on {"name":1} found. This is often due to declaring an index using both "index: true" and "schema.index()". Please remove the duplicate index definition.
2026-01-17T15:43:12: (node:15272) [MONGOOSE] Warning: Duplicate schema index on {"slug":1} found. This is often due to declaring an index using both "index: true" and "schema.index()". Please remove the duplicate index definition.
(Use `node --trace-warnings ...` to show where the warning was created)
2026-01-17T15:43:12: (node:15272) [MONGOOSE] Warning: Duplicate schema index on {"name":1} found. This is often due to declaring an index using both "index: true" and "schema.index()". Please remove the duplicate index definition.
2026-01-17T15:43:20: (node:22244) [MONGOOSE] Warning: Duplicate schema index on {"slug":1} found. This is often due to declaring an index using both "index: true" and "schema.index()". Please remove the duplicate index definition.
(Use `node --trace-warnings ...` to show where the warning was created)
2026-01-17T15:43:20: (node:22244) [MONGOOSE] Warning: Duplicate schema index on {"name":1} found. This is often due to declaring an index using both "index: true" and "schema.index()". Please remove the duplicate index definition.
2026-01-17T15:43:27: (node:11240) [MONGOOSE] Warning: Duplicate schema index on {"slug":1} found. This is often due to declaring an index using both "index: true" and "schema.index()". Please remove the duplicate index definition.
(Use `node --trace-warnings ...` to show where the warning was created)
2026-01-17T15:43:27: (node:11240) [MONGOOSE] Warning: Duplicate schema index on {"name":1} found. This is often due to declaring an index using both "index: true" and "schema.index()". Please remove the duplicate index definition.
2026-01-17T15:43:35: (node:17924) [MONGOOSE] Warning: Duplicate schema index on {"slug":1} found. This is often due to declaring an index using both "index: true" and "schema.index()". Please remove the duplicate index definition.
(Use `node --trace-warnings ...` to show where the warning was created)
2026-01-17T15:43:35: (node:17924) [MONGOOSE] Warning: Duplicate schema index on {"name":1} found. This is often due to declaring an index using both "index: true" and "schema.index()". Please remove the duplicate index definition.
2026-01-17T15:43:44: (node:23292) [MONGOOSE] Warning: Duplicate schema index on {"slug":1} found. This is often due to declaring an index using both "index: true" and "schema.index()". Please remove the duplicate index definition.
(Use `node --trace-warnings ...` to show where the warning was created)
2026-01-17T15:43:44: (node:23292) [MONGOOSE] Warning: Duplicate schema index on {"name":1} found. This is often due to declaring an index using both "index: true" and "schema.index()". Please remove the duplicate index definition.
2026-01-17T16:00:11: (node:7788) [MONGOOSE] Warning: Duplicate schema index on {"slug":1} found. This is often due to declaring an index using both "index: true" and "schema.index()". Please remove the duplicate index definition.
(Use `node --trace-warnings ...` to show where the warning was created)
2026-01-17T16:00:11: (node:7788) [MONGOOSE] Warning: Duplicate schema index on {"name":1} found. This is often due to declaring an index using both "index: true" and "schema.index()". Please remove the duplicate index definition.
2026-01-17T17:12:53: (node:17452) [MONGOOSE] Warning: Duplicate schema index on {"slug":1} found. This is often due to declaring an index using both "index: true" and "schema.index()". Please remove the duplicate index definition.
(Use `node --trace-warnings ...` to show where the warning was created)
2026-01-17T17:12:53: (node:17452) [MONGOOSE] Warning: Duplicate schema index on {"name":1} found. This is often due to declaring an index using both "index: true" and "schema.index()". Please remove the duplicate index definition.
2026-01-19T15:19:44: (node:6640) [MONGOOSE] Warning: Duplicate schema index on {"slug":1} found. This is often due to declaring an index using both "index: true" and "schema.index()". Please remove the duplicate index definition.
(Use `node --trace-warnings ...` to show where the warning was created)
2026-01-19T15:19:44: (node:6640) [MONGOOSE] Warning: Duplicate schema index on {"name":1} found. This is often due to declaring an index using both "index: true" and "schema.index()". Please remove the duplicate index definition.
2026-01-19T15:19:57: (node:19444) [MONGOOSE] Warning: Duplicate schema index on {"slug":1} found. This is often due to declaring an index using both "index: true" and "schema.index()". Please remove the duplicate index definition.
(Use `node --trace-warnings ...` to show where the warning was created)
2026-01-19T15:19:57: (node:19444) [MONGOOSE] Warning: Duplicate schema index on {"name":1} found. This is often due to declaring an index using both "index: true" and "schema.index()". Please remove the duplicate index definition.
2026-01-19T15:20:09: (node:8940) [MONGOOSE] Warning: Duplicate schema index on {"slug":1} found. This is often due to declaring an index using both "index: true" and "schema.index()". Please remove the duplicate index definition.
(Use `node --trace-warnings ...` to show where the warning was created)
2026-01-19T15:20:09: (node:8940) [MONGOOSE] Warning: Duplicate schema index on {"name":1} found. This is often due to declaring an index using both "index: true" and "schema.index()". Please remove the duplicate index definition.
2026-01-19T15:20:21: (node:8132) [MONGOOSE] Warning: Duplicate schema index on {"slug":1} found. This is often due to declaring an index using both "index: true" and "schema.index()". Please remove the duplicate index definition.
(Use `node --trace-warnings ...` to show where the warning was created)
2026-01-19T15:20:21: (node:8132) [MONGOOSE] Warning: Duplicate schema index on {"name":1} found. This is often due to declaring an index using both "index: true" and "schema.index()". Please remove the duplicate index definition.
2026-01-19T15:20:34: (node:22560) [MONGOOSE] Warning: Duplicate schema index on {"slug":1} found. This is often due to declaring an index using both "index: true" and "schema.index()". Please remove the duplicate index definition.
(Use `node --trace-warnings ...` to show where the warning was created)
2026-01-19T15:20:34: (node:22560) [MONGOOSE] Warning: Duplicate schema index on {"name":1} found. This is often due to declaring an index using both "index: true" and "schema.index()". Please remove the duplicate index definition.
2026-01-19T15:20:44: (node:7724) [MONGOOSE] Warning: Duplicate schema index on {"slug":1} found. This is often due to declaring an index using both "index: true" and "schema.index()". Please remove the duplicate index definition.
(Use `node --trace-warnings ...` to show where the warning was created)
2026-01-19T15:20:44: (node:7724) [MONGOOSE] Warning: Duplicate schema index on {"name":1} found. This is often due to declaring an index using both "index: true" and "schema.index()". Please remove the duplicate index definition.
2026-01-19T15:20:55: (node:10480) [MONGOOSE] Warning: Duplicate schema index on {"slug":1} found. This is often due to declaring an index using both "index: true" and "schema.index()". Please remove the duplicate index definition.
(Use `node --trace-warnings ...` to show where the warning was created)
2026-01-19T15:20:55: (node:10480) [MONGOOSE] Warning: Duplicate schema index on {"name":1} found. This is often due to declaring an index using both "index: true" and "schema.index()". Please remove the duplicate index definition.
2026-01-19T15:21:05: (node:3916) [MONGOOSE] Warning: Duplicate schema index on {"slug":1} found. This is often due to declaring an index using both "index: true" and "schema.index()". Please remove the duplicate index definition.
(Use `node --trace-warnings ...` to show where the warning was created)
2026-01-19T15:21:05: (node:3916) [MONGOOSE] Warning: Duplicate schema index on {"name":1} found. This is often due to declaring an index using both "index: true" and "schema.index()". Please remove the duplicate index definition.
2026-01-19T15:21:15: (node:5936) [MONGOOSE] Warning: Duplicate schema index on {"slug":1} found. This is often due to declaring an index using both "index: true" and "schema.index()". Please remove the duplicate index definition.
(Use `node --trace-warnings ...` to show where the warning was created)
2026-01-19T15:21:15: (node:5936) [MONGOOSE] Warning: Duplicate schema index on {"name":1} found. This is often due to declaring an index using both "index: true" and "schema.index()". Please remove the duplicate index definition.
2026-01-19T15:21:24: (node:12704) [MONGOOSE] Warning: Duplicate schema index on {"slug":1} found. This is often due to declaring an index using both "index: true" and "schema.index()". Please remove the duplicate index definition.
(Use `node --trace-warnings ...` to show where the warning was created)
2026-01-19T15:21:24: (node:12704) [MONGOOSE] Warning: Duplicate schema index on {"name":1} found. This is often due to declaring an index using both "index: true" and "schema.index()". Please remove the duplicate index definition.
2026-01-19T15:21:39: (node:13980) [MONGOOSE] Warning: Duplicate schema index on {"slug":1} found. This is often due to declaring an index using both "index: true" and "schema.index()". Please remove the duplicate index definition.
(Use `node --trace-warnings ...` to show where the warning was created)
2026-01-19T15:21:39: (node:13980) [MONGOOSE] Warning: Duplicate schema index on {"name":1} found. This is often due to declaring an index using both "index: true" and "schema.index()". Please remove the duplicate index definition.
2026-01-19T15:21:51: (node:11888) [MONGOOSE] Warning: Duplicate schema index on {"slug":1} found. This is often due to declaring an index using both "index: true" and "schema.index()". Please remove the duplicate index definition.
(Use `node --trace-warnings ...` to show where the warning was created)
2026-01-19T15:21:51: (node:11888) [MONGOOSE] Warning: Duplicate schema index on {"name":1} found. This is often due to declaring an index using both "index: true" and "schema.index()". Please remove the duplicate index definition.
2026-01-19T15:22:04: (node:14196) [MONGOOSE] Warning: Duplicate schema index on {"slug":1} found. This is often due to declaring an index using both "index: true" and "schema.index()". Please remove the duplicate index definition.
(Use `node --trace-warnings ...` to show where the warning was created)
2026-01-19T15:22:04: (node:14196) [MONGOOSE] Warning: Duplicate schema index on {"name":1} found. This is often due to declaring an index using both "index: true" and "schema.index()". Please remove the duplicate index definition.
2026-01-19T15:22:17: (node:12644) [MONGOOSE] Warning: Duplicate schema index on {"slug":1} found. This is often due to declaring an index using both "index: true" and "schema.index()". Please remove the duplicate index definition.
(Use `node --trace-warnings ...` to show where the warning was created)
2026-01-19T15:22:17: (node:12644) [MONGOOSE] Warning: Duplicate schema index on {"name":1} found. This is often due to declaring an index using both "index: true" and "schema.index()". Please remove the duplicate index definition.
2026-01-19T15:22:31: (node:9380) [MONGOOSE] Warning: Duplicate schema index on {"slug":1} found. This is often due to declaring an index using both "index: true" and "schema.index()". Please remove the duplicate index definition.
(Use `node --trace-warnings ...` to show where the warning was created)
2026-01-19T15:22:31: (node:9380) [MONGOOSE] Warning: Duplicate schema index on {"name":1} found. This is often due to declaring an index using both "index: true" and "schema.index()". Please remove the duplicate index definition.
2026-01-19T15:22:54: (node:7448) [MONGOOSE] Warning: Duplicate schema index on {"slug":1} found. This is often due to declaring an index using both "index: true" and "schema.index()". Please remove the duplicate index definition.
(Use `node --trace-warnings ...` to show where the warning was created)
2026-01-19T15:22:54: (node:7448) [MONGOOSE] Warning: Duplicate schema index on {"name":1} found. This is often due to declaring an index using both "index: true" and "schema.index()". Please remove the duplicate index definition.
2026-01-19T15:23:05: (node:12504) [MONGOOSE] Warning: Duplicate schema index on {"slug":1} found. This is often due to declaring an index using both "index: true" and "schema.index()". Please remove the duplicate index definition.
(Use `node --trace-warnings ...` to show where the warning was created)
2026-01-19T15:23:05: (node:12504) [MONGOOSE] Warning: Duplicate schema index on {"name":1} found. This is often due to declaring an index using both "index: true" and "schema.index()". Please remove the duplicate index definition.
2026-01-19T15:23:18: (node:1168) [MONGOOSE] Warning: Duplicate schema index on {"slug":1} found. This is often due to declaring an index using both "index: true" and "schema.index()". Please remove the duplicate index definition.
(Use `node --trace-warnings ...` to show where the warning was created)
2026-01-19T15:23:18: (node:1168) [MONGOOSE] Warning: Duplicate schema index on {"name":1} found. This is often due to declaring an index using both "index: true" and "schema.index()". Please remove the duplicate index definition.
2026-01-19T15:23:40: (node:11884) [MONGOOSE] Warning: Duplicate schema index on {"slug":1} found. This is often due to declaring an index using both "index: true" and "schema.index()". Please remove the duplicate index definition.
(Use `node --trace-warnings ...` to show where the warning was created)
2026-01-19T15:23:40: (node:11884) [MONGOOSE] Warning: Duplicate schema index on {"name":1} found. This is often due to declaring an index using both "index: true" and "schema.index()". Please remove the duplicate index definition.
2026-01-19T15:23:50: ValidationError: The Express 'trust proxy' setting is true, which allows anyone to trivially bypass IP-based rate limiting. See https://express-rate-limit.github.io/ERR_ERL_PERMISSIVE_TRUST_PROXY/ for more information.
    at Object.trustProxy (file:///E:/project-syni/shubhvenue/shubhvenue/backend/node_modules/express-rate-limit/dist/index.mjs:139:13)
    at wrappedValidations.<computed> [as trustProxy] (file:///E:/project-syni/shubhvenue/shubhvenue/backend/node_modules/express-rate-limit/dist/index.mjs:369:22)
    at Object.keyGenerator (file:///E:/project-syni/shubhvenue/shubhvenue/backend/node_modules/express-rate-limit/dist/index.mjs:629:20)
    at file:///E:/project-syni/shubhvenue/shubhvenue/backend/node_modules/express-rate-limit/dist/index.mjs:682:32
    at process.processTicksAndRejections (node:internal/process/task_queues:105:5)
    at async file:///E:/project-syni/shubhvenue/shubhvenue/backend/node_modules/express-rate-limit/dist/index.mjs:663:5 {
  code: 'ERR_ERL_PERMISSIVE_TRUST_PROXY',
  help: 'https://express-rate-limit.github.io/ERR_ERL_PERMISSIVE_TRUST_PROXY/'
}
2026-01-19T15:23:51: Error fetching review counts: TypeError: Review.aggregate(...).maxTimeMS is not a function
    at getVenues (file:///E:/project-syni/shubhvenue/shubhvenue/backend/src/controllers/vendor.venues.controller.js:794:14)
    at process.processTicksAndRejections (node:internal/process/task_queues:105:5)
2026-01-19T15:23:52: Error fetching review counts: TypeError: Review.aggregate(...).maxTimeMS is not a function
    at getVenues (file:///E:/project-syni/shubhvenue/shubhvenue/backend/src/controllers/vendor.venues.controller.js:794:14)
    at process.processTicksAndRejections (node:internal/process/task_queues:105:5)
2026-01-19T15:24:23: Error fetching review counts: TypeError: Review.aggregate(...).maxTimeMS is not a function
    at getVenues (file:///E:/project-syni/shubhvenue/shubhvenue/backend/src/controllers/vendor.venues.controller.js:794:14)
    at process.processTicksAndRejections (node:internal/process/task_queues:105:5)
2026-01-19T15:24:24: Error fetching review counts: TypeError: Review.aggregate(...).maxTimeMS is not a function
    at getVenues (file:///E:/project-syni/shubhvenue/shubhvenue/backend/src/controllers/vendor.venues.controller.js:794:14)
    at process.processTicksAndRejections (node:internal/process/task_queues:105:5)
2026-01-19T15:26:02: (node:18924) [MONGOOSE] Warning: Duplicate schema index on {"slug":1} found. This is often due to declaring an index using both "index: true" and "schema.index()". Please remove the duplicate index definition.
(Use `node --trace-warnings ...` to show where the warning was created)
2026-01-19T15:26:02: (node:18924) [MONGOOSE] Warning: Duplicate schema index on {"name":1} found. This is often due to declaring an index using both "index: true" and "schema.index()". Please remove the duplicate index definition.
2026-01-19T15:26:02: ValidationError: The Express 'trust proxy' setting is true, which allows anyone to trivially bypass IP-based rate limiting. See https://express-rate-limit.github.io/ERR_ERL_PERMISSIVE_TRUST_PROXY/ for more information.
    at Object.trustProxy (file:///E:/project-syni/shubhvenue/shubhvenue/backend/node_modules/express-rate-limit/dist/index.mjs:139:13)
    at wrappedValidations.<computed> [as trustProxy] (file:///E:/project-syni/shubhvenue/shubhvenue/backend/node_modules/express-rate-limit/dist/index.mjs:369:22)
    at Object.keyGenerator (file:///E:/project-syni/shubhvenue/shubhvenue/backend/node_modules/express-rate-limit/dist/index.mjs:629:20)
    at file:///E:/project-syni/shubhvenue/shubhvenue/backend/node_modules/express-rate-limit/dist/index.mjs:682:32
    at process.processTicksAndRejections (node:internal/process/task_queues:105:5)
    at async file:///E:/project-syni/shubhvenue/shubhvenue/backend/node_modules/express-rate-limit/dist/index.mjs:663:5 {
  code: 'ERR_ERL_PERMISSIVE_TRUST_PROXY',
  help: 'https://express-rate-limit.github.io/ERR_ERL_PERMISSIVE_TRUST_PROXY/'
}
2026-01-19T15:32:15: Error fetching review counts: TypeError: Review.aggregate(...).maxTimeMS is not a function
    at getVenues (file:///E:/project-syni/shubhvenue/shubhvenue/backend/src/controllers/vendor.venues.controller.js:794:14)
    at process.processTicksAndRejections (node:internal/process/task_queues:105:5)
